// Jest Snapshot v1, https://goo.gl/fbAQLP

exports[`Card component should renders correctly 1`] = `
<div
  className="card"
>
  <div
    className="title"
    onClick={[Function]}
  >
    Toronto
  </div>
  <div
    className="body"
  >
    Go Raps!
  </div>
</div>
`;
