// Jest Snapshot v1, https://goo.gl/fbAQLP

exports[`renders the Separator 1`] = `[Function]`;
