// Jest Snapshot v1, https://goo.gl/fbAQLP

exports[`renders the Card 1`] = `
<div
  className="card"
>
  I am a card!!!
</div>
`;
