// Jest Snapshot v1, https://goo.gl/fbAQLP

exports[`render correctly 1`] = `
<input
  className="input"
  onChange={[Function]}
  type="text"
  value="hello"
/>
`;
