// Jest Snapshot v1, https://goo.gl/fbAQLP

exports[`renders the Menu 1`] = `[Function]`;
