// Jest Snapshot v1, https://goo.gl/fbAQLP

exports[`Icon component should renders correctly 1`] = `[Function]`;

exports[`Icon component should renders custom colors 1`] = `[Function]`;

exports[`Icon component should renders custom sizes 1`] = `[Function]`;
