// Jest Snapshot v1, https://goo.gl/fbAQLP

exports[`renders the Text 1`] = `[Function]`;
