// Jest Snapshot v1, https://goo.gl/fbAQLP

exports[`renders posts vs post based on count 1`] = `[Function]`;

exports[`renders posts vs post based on count 2`] = `[Function]`;

exports[`renders the MenuItem 1`] = `[Function]`;
