// Jest Snapshot v1, https://goo.gl/fbAQLP

exports[`renders the CalculationTabs 1`] = `[Function]`;
